###############################################################################
#
# IAR ELF Linker V8.10.1.12857/W32 for ARM                27/Jul/2018  21:39:10
# Copyright 2007-2017 IAR Systems AB.
#
#    Output file  =  
#        C:\Users\JB\Desktop\华南赛27日晚上\终极debug-PID调试\Prj\Debug\Exe\tricycle.out
#    Map file     =  
#        C:\Users\JB\Desktop\华南赛27日晚上\终极debug-PID调试\Prj\Debug\List\tricycle.map
#    Command line =  
#        -f C:\Users\JB\AppData\Local\Temp\EW4839.tmp
#        (C:\Users\JB\Desktop\华南赛27日晚上\终极debug-PID调试\Prj\Debug\Obj\bluetooth.o
#        C:\Users\JB\Desktop\华南赛27日晚上\终极debug-PID调试\Prj\Debug\Obj\car_init.o
#        C:\Users\JB\Desktop\华南赛27日晚上\终极debug-PID调试\Prj\Debug\Obj\common.o
#        C:\Users\JB\Desktop\华南赛27日晚上\终极debug-PID调试\Prj\Debug\Obj\direction.o
#        C:\Users\JB\Desktop\华南赛27日晚上\终极debug-PID调试\Prj\Debug\Obj\isr.o
#        C:\Users\JB\Desktop\华南赛27日晚上\终极debug-PID调试\Prj\Debug\Obj\KEA128_adc.o
#        C:\Users\JB\Desktop\华南赛27日晚上\终极debug-PID调试\Prj\Debug\Obj\KEA128_flash.o
#        C:\Users\JB\Desktop\华南赛27日晚上\终极debug-PID调试\Prj\Debug\Obj\KEA128_ftm.o
#        C:\Users\JB\Desktop\华南赛27日晚上\终极debug-PID调试\Prj\Debug\Obj\KEA128_gpio.o
#        C:\Users\JB\Desktop\华南赛27日晚上\终极debug-PID调试\Prj\Debug\Obj\KEA128_irq.o
#        C:\Users\JB\Desktop\华南赛27日晚上\终极debug-PID调试\Prj\Debug\Obj\KEA128_kbi.o
#        C:\Users\JB\Desktop\华南赛27日晚上\终极debug-PID调试\Prj\Debug\Obj\KEA128_pit.o
#        C:\Users\JB\Desktop\华南赛27日晚上\终极debug-PID调试\Prj\Debug\Obj\KEA128_port.o
#        C:\Users\JB\Desktop\华南赛27日晚上\终极debug-PID调试\Prj\Debug\Obj\KEA128_systick.o
#        C:\Users\JB\Desktop\华南赛27日晚上\终极debug-PID调试\Prj\Debug\Obj\KEA128_uart.o
#        C:\Users\JB\Desktop\华南赛27日晚上\终极debug-PID调试\Prj\Debug\Obj\main.o
#        C:\Users\JB\Desktop\华南赛27日晚上\终极debug-PID调试\Prj\Debug\Obj\misc.o
#        C:\Users\JB\Desktop\华南赛27日晚上\终极debug-PID调试\Prj\Debug\Obj\parameter_file.o
#        C:\Users\JB\Desktop\华南赛27日晚上\终极debug-PID调试\Prj\Debug\Obj\SEEKFREE_OLED.o
#        C:\Users\JB\Desktop\华南赛27日晚上\终极debug-PID调试\Prj\Debug\Obj\speed.o
#        C:\Users\JB\Desktop\华南赛27日晚上\终极debug-PID调试\Prj\Debug\Obj\startup_SKEAZ1284.o
#        C:\Users\JB\Desktop\华南赛27日晚上\终极debug-PID调试\Prj\Debug\Obj\system_SKEAZ1284.o
#        -o
#        C:\Users\JB\Desktop\华南赛27日晚上\终极debug-PID调试\Prj\Debug\Exe\tricycle.out
#        --map
#        C:\Users\JB\Desktop\华南赛27日晚上\终极debug-PID调试\Prj\Debug\List\tricycle.map
#        --config "E:\IAR ARM\arm\config\linker\NXP\KEAZ128xxx4.icf"
#        --semihosting --entry __iar_program_start --vfe --text_out locale)
#
###############################################################################

*******************************************************************************
*** RUNTIME MODEL ATTRIBUTES
***

CppFlavor       = *
__SystemLibrary = DLib
__dlib_version  = 6


*******************************************************************************
*** HEAP SELECTION
***

The basic heap was selected because no calls to memory allocation
functions were found in the application outside of system library
functions, and there are calls to deallocation functions in the
application.


*******************************************************************************
*** PLACEMENT SUMMARY
***

"A0":  place at 0x00000000 { ro section .intvec };
"P2":  place in [from 0x00000000 to 0x000003ff] |
                [from 0x00000410 to 0x0001ffff] { ro };
"P3":  place in [from 0x1ffff000 to 0x1fffffff] |
                [from 0x20000000 to 0x20002fff] { rw, block CSTACK, block HEAP };
initialize by copy { rw };

  Section            Kind        Address    Size  Object
  -------            ----        -------    ----  ------
"A0":                                       0xd0
  .intvec            ro code  0x00000000    0xd0  startup_SKEAZ1284.o [1]
                            - 0x000000d0    0xd0

"P2", part 1 of 2:                          0x7c
  .rodata            const    0x000000d0     0x0  zero_init3.o [5]
  .rodata            const    0x000000d0     0x0  copy_init3.o [5]
  Initializer bytes  const    0x000000d0    0x7c  <for P3 s0> (used: 0x78)
                            - 0x0000014c    0x7c

"P2", part 2 of 2:                        0x317a
  .text              ro code  0x00000410   0xd54  direction.o [1]
  .text              ro code  0x00001164    0xb4  KEA128_adc.o [1]
  .text              ro code  0x00001218    0xe0  I32DivModFast.o [5]
  .text              ro code  0x000012f8    0x36  IxxToFlt.o [4]
  .text              ro code  0x0000132e    0xaa  FltDiv.o [4]
  .text              ro code  0x000013d8    0x28  FltCmpGe.o [4]
  .text              ro code  0x00001400    0x26  FltCmpLe.o [4]
  .text              ro code  0x00001426   0x120  FltAddSub.o [4]
  .text              ro code  0x00001546    0xb0  FltMul.o [4]
  .text              ro code  0x000015f6     0x2  startup_SKEAZ1284.o [1]
  .text              ro code  0x000015f8   0x17c  KEA128_gpio.o [1]
  .text              ro code  0x00001774    0x32  FltToDbl.o [4]
  .text              ro code  0x000017a6   0x184  DblMul.o [4]
  .text              ro code  0x0000192a   0x1a8  DblAddSub.o [4]
  .text              ro code  0x00001ad2     0x2  startup_SKEAZ1284.o [1]
  .text              ro code  0x00001ad4    0x52  DblToI32.o [4]
  .text              ro code  0x00001b26     0x2  startup_SKEAZ1284.o [1]
  .text              ro code  0x00001b28    0x34  IxxToDbl.o [4]
  .text              ro code  0x00001b5c    0x32  DblCmpLe.o [4]
  .text              ro code  0x00001b8e    0x32  DblCmpGe.o [4]
  .text              ro code  0x00001bc0     0x2  IntDivZer.o [5]
  .text              ro code  0x00001bc2     0x2  startup_SKEAZ1284.o [1]
  .text              ro code  0x00001bc4   0x418  main.o [1]
  .text              ro code  0x00001fdc    0xcc  common.o [1]
  .text              ro code  0x000020a8   0x210  car_init.o [1]
  .text              ro code  0x000022b8    0x50  KEA128_systick.o [1]
  .text              ro code  0x00002308   0x324  SEEKFREE_OLED.o [1]
  .text              ro code  0x0000262c    0x34  ABImemcpy.o [5]
  .text              ro code  0x00002660   0x160  KEA128_uart.o [1]
  .text              ro code  0x000027c0    0x58  KEA128_port.o [1]
  .text              ro code  0x00002818   0x40c  KEA128_ftm.o [1]
  .text              ro code  0x00002c24    0x70  KEA128_pit.o [1]
  .text              ro code  0x00002c94   0x354  speed.o [1]
  .text              ro code  0x00002fe8    0x62  DblToFlt.o [4]
  .text              ro code  0x0000304a     0x2  startup_SKEAZ1284.o [1]
  .text              ro code  0x0000304c    0x3a  FltToS32.o [4]
  .text              ro code  0x00003086     0x2  startup_SKEAZ1284.o [1]
  .rodata            const    0x00003088   0x228  SEEKFREE_OLED.o [1]
  .text              ro code  0x000032b0    0xe0  isr.o [1]
  .text              ro code  0x00003390    0x78  system_SKEAZ1284.o [1]
  .text              ro code  0x00003408    0x40  zero_init3.o [5]
  .text              ro code  0x00003448    0x30  copy_init3.o [5]
  .text              ro code  0x00003478    0x28  data_init.o [5]
  .iar.init_table    const    0x000034a0    0x24  - Linker created -
  .text              ro code  0x000034c4    0x1a  cmain.o [5]
  .text              ro code  0x000034de     0x4  low_level_init.o [3]
  .text              ro code  0x000034e2     0x8  exit.o [3]
  .text              ro code  0x000034ea     0x2  startup_SKEAZ1284.o [1]
  .text              ro code  0x000034ec     0xa  cexit.o [5]
  .text              ro code  0x000034f6     0x2  startup_SKEAZ1284.o [1]
  .text              ro code  0x000034f8    0x14  exit.o [6]
  .rodata            const    0x0000350c    0x18  common.o [1]
  .text              ro code  0x00003524    0x10  startup_SKEAZ1284.o [1]
  .rodata            const    0x00003534     0xc  KEA128_ftm.o [1]
  .rodata            const    0x00003540     0xc  KEA128_gpio.o [1]
  .text              ro code  0x0000354c     0xc  cstartup_M.o [5]
  .text              ro code  0x00003558     0x2  startup_SKEAZ1284.o [1]
  .text              ro code  0x0000355a     0x2  startup_SKEAZ1284.o [1]
  .text              ro code  0x0000355c     0x2  startup_SKEAZ1284.o [1]
  .text              ro code  0x0000355e     0x2  startup_SKEAZ1284.o [1]
  .text              ro code  0x00003560     0x2  startup_SKEAZ1284.o [1]
  .text              ro code  0x00003562     0x2  startup_SKEAZ1284.o [1]
  .text              ro code  0x00003564     0x2  startup_SKEAZ1284.o [1]
  .text              ro code  0x00003566     0x2  startup_SKEAZ1284.o [1]
  .text              ro code  0x00003568     0x2  startup_SKEAZ1284.o [1]
  .text              ro code  0x0000356a     0x2  startup_SKEAZ1284.o [1]
  .text              ro code  0x0000356c     0x2  startup_SKEAZ1284.o [1]
  .text              ro code  0x0000356e     0x2  startup_SKEAZ1284.o [1]
  .text              ro code  0x00003570     0x2  startup_SKEAZ1284.o [1]
  .text              ro code  0x00003572     0x2  startup_SKEAZ1284.o [1]
  .text              ro code  0x00003574     0x2  startup_SKEAZ1284.o [1]
  .text              ro code  0x00003576     0x2  startup_SKEAZ1284.o [1]
  .text              ro code  0x00003578     0x2  startup_SKEAZ1284.o [1]
  .text              ro code  0x0000357a     0x2  startup_SKEAZ1284.o [1]
  .text              ro code  0x0000357c     0x2  startup_SKEAZ1284.o [1]
  .text              ro code  0x0000357e     0x2  startup_SKEAZ1284.o [1]
  .text              ro code  0x00003580     0x2  startup_SKEAZ1284.o [1]
  .text              ro code  0x00003582     0x2  startup_SKEAZ1284.o [1]
  .text              ro code  0x00003584     0x2  startup_SKEAZ1284.o [1]
  .text              ro code  0x00003586     0x2  startup_SKEAZ1284.o [1]
  .text              ro code  0x00003588     0x2  startup_SKEAZ1284.o [1]
                            - 0x0000358a  0x317a

"P3", part 1 of 3:                          0x78
  P3 s0                       0x1ffff000    0x78  <Init block>
    .data            inited   0x1ffff000     0xc  KEA128_uart.o [1]
    .data            inited   0x1ffff00c     0x4  direction.o [1]
    .data            inited   0x1ffff010     0x8  direction.o [1]
    .data            inited   0x1ffff018     0x8  direction.o [1]
    .data            inited   0x1ffff020     0x8  speed.o [1]
    .data            inited   0x1ffff028     0x4  direction.o [1]
    .data            inited   0x1ffff02c     0x4  direction.o [1]
    .data            inited   0x1ffff030     0x4  parameter_file.o [1]
    .data            inited   0x1ffff034     0x4  parameter_file.o [1]
    .data            inited   0x1ffff038     0x4  parameter_file.o [1]
    .data            inited   0x1ffff03c     0x4  parameter_file.o [1]
    .data            inited   0x1ffff040     0x4  parameter_file.o [1]
    .data            inited   0x1ffff044     0x4  parameter_file.o [1]
    .data            inited   0x1ffff048     0x4  parameter_file.o [1]
    .data            inited   0x1ffff04c     0x4  parameter_file.o [1]
    .data            inited   0x1ffff050     0x4  parameter_file.o [1]
    .data            inited   0x1ffff054     0x4  parameter_file.o [1]
    .data            inited   0x1ffff058     0x4  speed.o [1]
    .data            inited   0x1ffff05c     0x4  speed.o [1]
    .data            inited   0x1ffff060     0x4  speed.o [1]
    .data            inited   0x1ffff064     0x4  speed.o [1]
    .data            inited   0x1ffff068     0x4  speed.o [1]
    .data            inited   0x1ffff06c     0x4  speed.o [1]
    .data            inited   0x1ffff070     0x4  speed.o [1]
    .data            inited   0x1ffff074     0x1  parameter_file.o [1]
    .data            inited   0x1ffff075     0x1  parameter_file.o [1]
                            - 0x1ffff078    0x78

"P3", part 2 of 3:                          0x98
  .bss               zero     0x1ffff078    0x20  direction.o [1]
  .bss               zero     0x1ffff098    0x14  speed.o [1]
  .bss               zero     0x1ffff0ac     0xc  direction.o [1]
  .bss               zero     0x1ffff0b8     0xc  direction.o [1]
  .bss               zero     0x1ffff0c4     0x8  direction.o [1]
  .bss               zero     0x1ffff0cc     0x8  direction.o [1]
  .bss               zero     0x1ffff0d4     0x8  KEA128_ftm.o [1]
  .bss               zero     0x1ffff0dc     0x4  common.o [1]
  .bss               zero     0x1ffff0e0     0x4  common.o [1]
  .bss               zero     0x1ffff0e4     0x4  common.o [1]
  .bss               zero     0x1ffff0e8     0x4  common.o [1]
  .bss               zero     0x1ffff0ec     0x4  speed.o [1]
  .bss               zero     0x1ffff0f0     0x4  speed.o [1]
  .bss               zero     0x1ffff0f4     0x4  speed.o [1]
  .bss               zero     0x1ffff0f8     0x2  direction.o [1]
  .bss               zero     0x1ffff0fa     0x2  isr.o [1]
  .bss               zero     0x1ffff0fc     0x2  isr.o [1]
  .bss               zero     0x1ffff0fe     0x2  isr.o [1]
  .bss               zero     0x1ffff100     0x2  main.o [1]
  .bss               zero     0x1ffff102     0x2  main.o [1]
  .bss               zero     0x1ffff104     0x2  parameter_file.o [1]
  .bss               zero     0x1ffff106     0x2  parameter_file.o [1]
  .bss               zero     0x1ffff108     0x2  parameter_file.o [1]
  .bss               zero     0x1ffff10a     0x2  parameter_file.o [1]
  .bss               zero     0x1ffff10c     0x1  parameter_file.o [1]
  .bss               zero     0x1ffff10d     0x1  parameter_file.o [1]
                            - 0x1ffff10e    0x96

"P3", part 3 of 3:                         0x100
  CSTACK                      0x1ffff110   0x100  <Block>
    CSTACK           uninit   0x1ffff110   0x100  <Block tail>
                            - 0x1ffff210   0x100


*******************************************************************************
*** INIT TABLE
***

          Address     Size
          -------     ----
Zero (__iar_zero_init3)
    1 destination range, total size 0x96:
          0x1ffff078  0x96

Copy (__iar_copy_init3)
    1 source range, total size 0x7c (105% of destination):
          0x000000d0  0x7c
    1 destination range, total size 0x76:
          0x1ffff000  0x76



*******************************************************************************
*** MODULE SUMMARY
***

    Module               ro code  ro data  rw data
    ------               -------  -------  -------
C:\Users\JB\Desktop\华南赛27日晚上\终极debug-PID调试\Prj\Debug\Obj: [1]
    KEA128_adc.o             180
    KEA128_ftm.o           1 036       12        8
    KEA128_gpio.o            380       12
    KEA128_pit.o             112
    KEA128_port.o             88
    KEA128_systick.o          80
    KEA128_uart.o            352       12       12
    SEEKFREE_OLED.o          804      552
    car_init.o               528
    common.o                 204       24       16
    direction.o            3 412       28      102
    isr.o                    224                 6
    main.o                 1 048                 4
    parameter_file.o                   42       52
    speed.o                  852       36       68
    startup_SKEAZ1284.o      290
    system_SKEAZ1284.o       120
    ----------------------------------------------
    Total:                 9 710      718      268

command line: [2]
    ----------------------------------------------
    Total:

dl6M_tlf.a: [3]
    exit.o                     8
    low_level_init.o           4
    ----------------------------------------------
    Total:                    12

m6M_tl.a: [4]
    DblAddSub.o              424
    DblCmpGe.o                50
    DblCmpLe.o                50
    DblMul.o                 388
    DblToFlt.o                98
    DblToI32.o                82
    FltAddSub.o              288
    FltCmpGe.o                40
    FltCmpLe.o                38
    FltDiv.o                 170
    FltMul.o                 176
    FltToDbl.o                50
    FltToS32.o                58
    IxxToDbl.o                52
    IxxToFlt.o                54
    ----------------------------------------------
    Total:                 2 018

rt6M_tl.a: [5]
    ABImemcpy.o               52
    I32DivModFast.o          224
    IntDivZer.o                2
    cexit.o                   10
    cmain.o                   26
    copy_init3.o              48
    cstartup_M.o              12
    data_init.o               40
    zero_init3.o              64
    ----------------------------------------------
    Total:                   478

shb_l.a: [6]
    exit.o                    20
    ----------------------------------------------
    Total:                    20

    Linker created                     42      256
--------------------------------------------------
    Grand Total:          12 238      760      524


*******************************************************************************
*** ENTRY LIST
***

Entry                      Address   Size  Type      Object
-----                      -------   ----  ----      ------
.iar.init_table$$Base   0x000034a0          --   Gb  - Linker created -
.iar.init_table$$Limit  0x000034c4          --   Gb  - Linker created -
?main                   0x000034c5         Code  Gb  cmain.o [5]
ADC_Get                 0x00000411  0x264  Code  Gb  direction.o [1]
ATtime                  0x1ffff0fa    0x2  Data  Lc  isr.o [1]
BM1_Flag                0x1ffff104    0x2  Data  Gb  parameter_file.o [1]
BM2_Flag                0x1ffff106    0x2  Data  Gb  parameter_file.o [1]
BM3_Flag                0x1ffff108    0x2  Data  Gb  parameter_file.o [1]
BM4_Flag                0x1ffff10a    0x2  Data  Gb  parameter_file.o [1]
CSTACK$$Base            0x1ffff110          --   Gb  - Linker created -
CSTACK$$Limit           0x1ffff210          --   Gb  - Linker created -
Dir_error_Value         0x1ffff018    0x8  Data  Gb  direction.o [1]
Direction_Control       0x0000067d  0xaa0  Code  Gb  direction.o [1]
Direction_Control::g_fDirection_ErrorTemp
                        0x1ffff078   0x20  Data  Lc  direction.o [1]
F6x8                    0x00003088  0x228  Data  Gb  SEEKFREE_OLED.o [1]
FTMX                    0x00003534    0xc  Data  Lc  KEA128_ftm.o [1]
Flag_Direction          0x1ffff075    0x1  Data  Gb  parameter_file.o [1]
Flag_Round              0x1ffff10d    0x1  Data  Gb  parameter_file.o [1]
Flag_Speed              0x1ffff074    0x1  Data  Gb  parameter_file.o [1]
Flag_Stop               0x1ffff10c    0x1  Data  Gb  parameter_file.o [1]
GPIOX                   0x00003540    0xc  Data  Lc  KEA128_gpio.o [1]
G_STOP                  0x1ffff0fc    0x2  Data  Gb  isr.o [1]
Gears                   0x1ffff100    0x2  Data  Gb  main.o [1]
IRQ_IRQHandler          0x00003349    0xe  Code  Gb  isr.o [1]
KBI0_IRQHandler         0x00003357    0xe  Code  Gb  isr.o [1]
NVIC_EnableIRQ          0x000020a9    0xe  Code  Lc  car_init.o [1]
NVIC_SetPriority        0x000020b7   0x88  Code  Lc  car_init.o [1]
OLED_DLY_ms             0x000023a1   0x1c  Code  Gb  SEEKFREE_OLED.o [1]
OLED_Fill               0x000023eb   0x3c  Code  Gb  SEEKFREE_OLED.o [1]
OLED_HEXACSII           0x00002587   0x38  Code  Gb  SEEKFREE_OLED.o [1]
OLED_Init               0x00002427  0x100  Code  Gb  SEEKFREE_OLED.o [1]
OLED_P6x8Str            0x00002527   0x60  Code  Gb  SEEKFREE_OLED.o [1]
OLED_Print_Num1         0x000025bf   0x5e  Code  Gb  SEEKFREE_OLED.o [1]
OLED_Set_Pos            0x000023bd   0x2e  Code  Gb  SEEKFREE_OLED.o [1]
OLED_WrCmd              0x00002355   0x4c  Code  Gb  SEEKFREE_OLED.o [1]
OLED_WrDat              0x00002309   0x4c  Code  Gb  SEEKFREE_OLED.o [1]
PIT_CH0_IRQHandler      0x000032b1   0x8a  Code  Gb  isr.o [1]
PIT_CH0_IRQHandler::Flag_Speed_Control
                        0x1ffff0fe    0x2  Data  Lc  isr.o [1]
PIT_CH1_IRQHandler      0x0000333b    0xe  Code  Gb  isr.o [1]
PWMOut                  0x00002e81   0xfc  Code  Gb  speed.o [1]
Ratio_Encoder_Left      0x1ffff050    0x4  Data  Gb  parameter_file.o [1]
Ratio_Encoder_Right     0x1ffff054    0x4  Data  Gb  parameter_file.o [1]
Region$$Table$$Base     0x000034a0          --   Gb  - Linker created -
Region$$Table$$Limit    0x000034c4          --   Gb  - Linker created -
SET_flag                0x1ffff102    0x2  Data  Gb  main.o [1]
Speed_Control_location  0x00002c95  0x1d8  Code  Gb  speed.o [1]
Start                   0x000033a5   0x3e  Code  Gb  system_SKEAZ1284.o [1]
TIME_ROUND              0x1ffff0f8    0x2  Data  Gb  direction.o [1]
__Vectors               0x00000000          --   Gb  startup_SKEAZ1284.o [1]
__Vectors_End           0x000000c0         Data  Gb  startup_SKEAZ1284.o [1]
__Vectors_Size {Abs}    0x000000c0          --   Gb  startup_SKEAZ1284.o [1]
__aeabi_cdcmple         0x00001b5d         Code  Gb  DblCmpLe.o [4]
__aeabi_cdrcmple        0x00001b8f         Code  Gb  DblCmpGe.o [4]
__aeabi_cfcmple         0x00001401         Code  Gb  FltCmpLe.o [4]
__aeabi_cfrcmple        0x000013d9         Code  Gb  FltCmpGe.o [4]
__aeabi_d2f             0x00002fe9         Code  Gb  DblToFlt.o [4]
__aeabi_d2iz            0x00001ad5         Code  Gb  DblToI32.o [4]
__aeabi_d2uiz           0x00001af9         Code  Gb  DblToI32.o [4]
__aeabi_dadd            0x0000192b         Code  Gb  DblAddSub.o [4]
__aeabi_dmul            0x000017a7         Code  Gb  DblMul.o [4]
__aeabi_f2d             0x00001775         Code  Gb  FltToDbl.o [4]
__aeabi_f2iz            0x0000304d         Code  Gb  FltToS32.o [4]
__aeabi_fadd            0x00001427         Code  Gb  FltAddSub.o [4]
__aeabi_fdiv            0x0000132f         Code  Gb  FltDiv.o [4]
__aeabi_fmul            0x00001547         Code  Gb  FltMul.o [4]
__aeabi_fsub            0x00001497         Code  Gb  FltAddSub.o [4]
__aeabi_i2d             0x00001b49         Code  Gb  IxxToDbl.o [4]
__aeabi_i2f             0x00001319         Code  Gb  IxxToFlt.o [4]
__aeabi_idiv            0x00001245         Code  Gb  I32DivModFast.o [5]
__aeabi_idiv0           0x00001bc1         Code  Gb  IntDivZer.o [5]
__aeabi_idivmod         0x00001245         Code  Gb  I32DivModFast.o [5]
__aeabi_memcpy4         0x0000262d         Code  Wk  ABImemcpy.o [5]
__aeabi_ui2d            0x00001b29         Code  Gb  IxxToDbl.o [4]
__aeabi_ui2f            0x000012f9         Code  Gb  IxxToFlt.o [4]
__aeabi_uidiv           0x0000124b         Code  Gb  I32DivModFast.o [5]
__aeabi_uidivmod        0x0000124b         Code  Gb  I32DivModFast.o [5]
__cmain                 0x000034c5         Code  Gb  cmain.o [5]
__exit                  0x000034f9   0x14  Code  Gb  exit.o [6]
__iar_copy_init3        0x00003449   0x30  Code  Gb  copy_init3.o [5]
__iar_d2uiz             0x00001afd         Code  Gb  DblToI32.o [4]
__iar_data_init3        0x00003479   0x28  Code  Gb  data_init.o [5]
__iar_program_start     0x0000354d         Code  Gb  cstartup_M.o [5]
__iar_systems$$module {Abs}
                        0x00000001         Data  Gb  command line/config [2]
__iar_zero_init3        0x00003409   0x40  Code  Gb  zero_init3.o [5]
__low_level_init        0x000034df    0x4  Code  Gb  low_level_init.o [3]
__vector_table          0x00000000         Data  Gb  startup_SKEAZ1284.o [1]
_call_main              0x000034d1         Code  Gb  cmain.o [5]
_exit                   0x000034ed         Code  Gb  cexit.o [5]
_main                   0x000034db         Code  Gb  cmain.o [5]
ad_ave                  0x000011d1   0x48  Code  Gb  KEA128_adc.o [1]
adc_init                0x00001165   0x24  Code  Gb  KEA128_adc.o [1]
adc_once                0x00001189   0x2e  Code  Gb  KEA128_adc.o [1]
bus_clk_khz             0x1ffff0e8    0x4  Data  Gb  common.o [1]
car_init                0x0000213f  0x160  Code  Gb  car_init.o [1]
core_clk_khz            0x1ffff0e4    0x4  Data  Gb  common.o [1]
disable_wdog            0x00003391   0x14  Code  Gb  system_SKEAZ1284.o [1]
exit                    0x000034e3    0x8  Code  Gb  exit.o [3]
ftm_clk_khz             0x1ffff0e0    0x4  Data  Gb  common.o [1]
ftm_count_clean         0x00002bfd   0x10  Code  Gb  KEA128_ftm.o [1]
ftm_count_get           0x00002bed   0x10  Code  Gb  KEA128_ftm.o [1]
ftm_count_init          0x00002b97   0x50  Code  Gb  KEA128_ftm.o [1]
ftm_count_mux           0x00002b2d   0x6a  Code  Gb  KEA128_ftm.o [1]
ftm_pwm_duty            0x00002a9b   0x7a  Code  Gb  KEA128_ftm.o [1]
ftm_pwm_init            0x0000293f  0x15c  Code  Gb  KEA128_ftm.o [1]
ftm_pwm_mux             0x00002819  0x126  Code  Gb  KEA128_ftm.o [1]
g_ValueOfAD             0x1ffff0ac    0xc  Data  Gb  direction.o [1]
g_ValueOfADFilter       0x1ffff0b8    0xc  Data  Gb  direction.o [1]
g_dirControl_D          0x1ffff044    0x4  Data  Gb  parameter_file.o [1]
g_dirControl_P          0x1ffff040    0x4  Data  Gb  parameter_file.o [1]
g_dir_C_Control_D       0x1ffff04c    0x4  Data  Gb  parameter_file.o [1]
g_dir_C_Control_P       0x1ffff048    0x4  Data  Gb  parameter_file.o [1]
g_fDirection_ControlOut
                        0x1ffff00c    0x4  Data  Gb  direction.o [1]
g_fDirection_ControlOutNew
                        0x1ffff028    0x4  Data  Gb  direction.o [1]
g_fDirection_ControlOutOld
                        0x1ffff02c    0x4  Data  Gb  direction.o [1]
g_fDirection_ControlOut_Date
                        0x1ffff010    0x8  Data  Gb  direction.o [1]
g_fDirection_Error      0x1ffff0c4    0x8  Data  Gb  direction.o [1]
g_fDirection_Error_dot  0x1ffff0cc    0x8  Data  Gb  direction.o [1]
g_fExpect_Speed         0x1ffff030    0x4  Data  Gb  parameter_file.o [1]
g_fLeft_RealSpeed       0x1ffff05c    0x4  Data  Gb  speed.o [1]
g_fReal_Speed           0x1ffff058    0x4  Data  Gb  speed.o [1]
g_fReal_SpeedNew        0x1ffff020    0x8  Data  Gb  speed.o [1]
g_fRight_RealSpeed      0x1ffff060    0x4  Data  Gb  speed.o [1]
g_fSpeed_ControlOut     0x1ffff0f0    0x4  Data  Gb  speed.o [1]
g_fSpeed_Error          0x1ffff0ec    0x4  Data  Gb  speed.o [1]
g_fSpeed_ErrorTemp      0x1ffff098   0x14  Data  Gb  speed.o [1]
g_nLeftPWM              0x1ffff06c    0x4  Data  Gb  speed.o [1]
g_nLeft_pulse           0x1ffff064    0x4  Data  Gb  speed.o [1]
g_nRightPWM             0x1ffff070    0x4  Data  Gb  speed.o [1]
g_nRight_pulse          0x1ffff068    0x4  Data  Gb  speed.o [1]
get_clk                 0x00001fdd   0xcc  Code  Gb  common.o [1]
gpio_get                0x000016ef   0x34  Code  Gb  KEA128_gpio.o [1]
gpio_init               0x000015f9   0xf6  Code  Gb  KEA128_gpio.o [1]
gpio_set                0x00001723   0x4c  Code  Gb  KEA128_gpio.o [1]
ics_clk_khz             0x1ffff0dc    0x4  Data  Gb  common.o [1]
location_I_Integ        0x1ffff0f4    0x4  Data  Gb  speed.o [1]
main                    0x00001bc5  0x418  Code  Gb  main.o [1]
period                  0x1ffff0d4    0x8  Data  Gb  KEA128_ftm.o [1]
pit_init                0x00002c25   0x64  Code  Gb  KEA128_pit.o [1]
port_pull               0x000027c1   0x58  Code  Gb  KEA128_port.o [1]
speed_location_D        0x1ffff03c    0x4  Data  Gb  parameter_file.o [1]
speed_location_I        0x1ffff038    0x4  Data  Gb  parameter_file.o [1]
speed_location_P        0x1ffff034    0x4  Data  Gb  parameter_file.o [1]
systick_delay           0x000022b9   0x26  Code  Gb  KEA128_systick.o [1]
systick_delay_ms        0x000022df   0x18  Code  Gb  KEA128_systick.o [1]
uart                    0x1ffff000    0xc  Data  Gb  KEA128_uart.o [1]
uart_init               0x000026c9   0xe0  Code  Gb  KEA128_uart.o [1]
uart_mux                0x00002661   0x68  Code  Gb  KEA128_uart.o [1]


[1] = C:\Users\JB\Desktop\华南赛27日晚上\终极debug-PID调试\Prj\Debug\Obj
[2] = command line
[3] = dl6M_tlf.a
[4] = m6M_tl.a
[5] = rt6M_tl.a
[6] = shb_l.a

  12 238 bytes of readonly  code memory
     760 bytes of readonly  data memory
     524 bytes of readwrite data memory

Errors: none
Warnings: none
